C:\USERS\ENGFILE\ECOPRAC\ECO.SECURITY-MAIN\ECO.ASNONE.BER1\ASSEMBLYFILES\WINDOWS\VISUALSTUDIO_10\ECO.ASNONE1EXAMPLE\DYNAMICDEBUG\CC01E1FC921E4B1C93C6AA45247D52F9.DLL.INTERMEDIATE.MANIFEST
C:\Users\engfile\EcoPrac\Eco.Security-main\Eco.ASNOne.BER1\AssemblyFiles\Windows\VisualStudio_10\Eco.ASNOne1Example\DynamicDebug\CC01E1FC921E4B1C93C6AA45247D52F9.exp
C:\Users\engfile\EcoPrac\Eco.Security-main\Eco.ASNOne.BER1\AssemblyFiles\Windows\VisualStudio_10\Eco.ASNOne1Example\DynamicDebug\CC01E1FC921E4B1C93C6AA45247D52F9.lib
C:\USERS\ENGFILE\ECOPRAC\ECO.SECURITY-MAIN\ECO.ASNONE.BER1\ASSEMBLYFILES\WINDOWS\VISUALSTUDIO_10\ECO.ASNONE1EXAMPLE\DYNAMICDEBUG\CC01E1FC921E4B1C93C6AA45247D52F9.PDB
C:\USERS\ENGFILE\ECOPRAC\ECO.SECURITY-MAIN\ECO.ASNONE.BER1\ASSEMBLYFILES\WINDOWS\VISUALSTUDIO_10\ECO.ASNONE1EXAMPLE\DYNAMICDEBUG\CECOASNONE1EXAMPLE.OBJ
C:\USERS\ENGFILE\ECOPRAC\ECO.SECURITY-MAIN\ECO.ASNONE.BER1\ASSEMBLYFILES\WINDOWS\VISUALSTUDIO_10\ECO.ASNONE1EXAMPLE\DYNAMICDEBUG\CECOASNONE1EXAMPLEFACTORY.OBJ
C:\USERS\ENGFILE\ECOPRAC\ECO.SECURITY-MAIN\ECO.ASNONE.BER1\ASSEMBLYFILES\WINDOWS\VISUALSTUDIO_10\ECO.ASNONE1EXAMPLE\DYNAMICDEBUG\CECOASNONE1EXCHILDINFORMATION.OBJ
C:\USERS\ENGFILE\ECOPRAC\ECO.SECURITY-MAIN\ECO.ASNONE.BER1\ASSEMBLYFILES\WINDOWS\VISUALSTUDIO_10\ECO.ASNONE1EXAMPLE\DYNAMICDEBUG\CECOASNONE1EXDATE.OBJ
C:\USERS\ENGFILE\ECOPRAC\ECO.SECURITY-MAIN\ECO.ASNONE.BER1\ASSEMBLYFILES\WINDOWS\VISUALSTUDIO_10\ECO.ASNONE1EXAMPLE\DYNAMICDEBUG\CECOASNONE1EXEMPLOYEENUMBER.OBJ
C:\USERS\ENGFILE\ECOPRAC\ECO.SECURITY-MAIN\ECO.ASNONE.BER1\ASSEMBLYFILES\WINDOWS\VISUALSTUDIO_10\ECO.ASNONE1EXAMPLE\DYNAMICDEBUG\CECOASNONE1EXNAME.OBJ
C:\USERS\ENGFILE\ECOPRAC\ECO.SECURITY-MAIN\ECO.ASNONE.BER1\ASSEMBLYFILES\WINDOWS\VISUALSTUDIO_10\ECO.ASNONE1EXAMPLE\DYNAMICDEBUG\CECOASNONE1EXPERSONNELRECORD.OBJ
C:\Users\engfile\EcoPrac\Eco.Security-main\Eco.ASNOne.BER1\AssemblyFiles\Windows\VisualStudio_10\Eco.ASNOne1Example\DynamicDebug\cl.command.1.tlog
C:\Users\engfile\EcoPrac\Eco.Security-main\Eco.ASNOne.BER1\AssemblyFiles\Windows\VisualStudio_10\Eco.ASNOne1Example\DynamicDebug\CL.read.1.tlog
C:\Users\engfile\EcoPrac\Eco.Security-main\Eco.ASNOne.BER1\AssemblyFiles\Windows\VisualStudio_10\Eco.ASNOne1Example\DynamicDebug\CL.write.1.tlog
C:\Users\engfile\EcoPrac\Eco.Security-main\Eco.ASNOne.BER1\AssemblyFiles\Windows\VisualStudio_10\Eco.ASNOne1Example\DynamicDebug\Eco.ASNOne1Example.write.1.tlog
C:\Users\engfile\EcoPrac\Eco.Security-main\Eco.ASNOne.BER1\AssemblyFiles\Windows\VisualStudio_10\Eco.ASNOne1Example\DynamicDebug\link.command.1.tlog
C:\Users\engfile\EcoPrac\Eco.Security-main\Eco.ASNOne.BER1\AssemblyFiles\Windows\VisualStudio_10\Eco.ASNOne1Example\DynamicDebug\link.read.1.tlog
C:\Users\engfile\EcoPrac\Eco.Security-main\Eco.ASNOne.BER1\AssemblyFiles\Windows\VisualStudio_10\Eco.ASNOne1Example\DynamicDebug\link.write.1.tlog
C:\Users\engfile\EcoPrac\Eco.Security-main\Eco.ASNOne.BER1\AssemblyFiles\Windows\VisualStudio_10\Eco.ASNOne1Example\DynamicDebug\mt.command.1.tlog
C:\Users\engfile\EcoPrac\Eco.Security-main\Eco.ASNOne.BER1\AssemblyFiles\Windows\VisualStudio_10\Eco.ASNOne1Example\DynamicDebug\mt.read.1.tlog
C:\Users\engfile\EcoPrac\Eco.Security-main\Eco.ASNOne.BER1\AssemblyFiles\Windows\VisualStudio_10\Eco.ASNOne1Example\DynamicDebug\mt.write.1.tlog
C:\Users\engfile\EcoPrac\Eco.Security-main\Eco.ASNOne.BER1\AssemblyFiles\Windows\VisualStudio_10\Eco.ASNOne1Example\DynamicDebug\vc100.idb
C:\USERS\ENGFILE\ECOPRAC\ECO.SECURITY-MAIN\ECO.ASNONE.BER1\ASSEMBLYFILES\WINDOWS\VISUALSTUDIO_10\ECO.ASNONE1EXAMPLE\DYNAMICDEBUG\VC100.PDB
C:\USERS\ENGFILE\ECOPRAC\ECO.SECURITY-MAIN\ECO.ASNONE.BER1\BUILDFILES\WINDOWS\X86\DYNAMICDEBUG\CC01E1FC921E4B1C93C6AA45247D52F9.DLL
C:\USERS\ENGFILE\ECOPRAC\ECO.SECURITY-MAIN\ECO.ASNONE.BER1\BUILDFILES\WINDOWS\X86\DYNAMICDEBUG\CC01E1FC921E4B1C93C6AA45247D52F9.ILK
