c:\users\engfile\ecoprac\eco.security-main\eco.asnone.ber1\assemblyfiles\windows\visualstudio_22\eco.asnone1example\dynamicdebug\vc143.pdb
c:\users\engfile\ecoprac\eco.security-main\eco.asnone.ber1\assemblyfiles\windows\visualstudio_22\eco.asnone1example\dynamicdebug\vc143.idb
c:\users\engfile\ecoprac\eco.security-main\eco.asnone.ber1\assemblyfiles\windows\visualstudio_22\eco.asnone1example\dynamicdebug\cecoasnone1expersonnelrecord.obj
c:\users\engfile\ecoprac\eco.security-main\eco.asnone.ber1\assemblyfiles\windows\visualstudio_22\eco.asnone1example\dynamicdebug\cecoasnone1exname.obj
c:\users\engfile\ecoprac\eco.security-main\eco.asnone.ber1\assemblyfiles\windows\visualstudio_22\eco.asnone1example\dynamicdebug\cecoasnone1exemployeenumber.obj
c:\users\engfile\ecoprac\eco.security-main\eco.asnone.ber1\assemblyfiles\windows\visualstudio_22\eco.asnone1example\dynamicdebug\cecoasnone1exdate.obj
c:\users\engfile\ecoprac\eco.security-main\eco.asnone.ber1\assemblyfiles\windows\visualstudio_22\eco.asnone1example\dynamicdebug\cecoasnone1exchildinformation.obj
c:\users\engfile\ecoprac\eco.security-main\eco.asnone.ber1\assemblyfiles\windows\visualstudio_22\eco.asnone1example\dynamicdebug\cecoasnone1examplefactory.obj
c:\users\engfile\ecoprac\eco.security-main\eco.asnone.ber1\assemblyfiles\windows\visualstudio_22\eco.asnone1example\dynamicdebug\cecoasnone1example.obj
c:\users\engfile\ecoprac\eco.security-main\eco.asnone.ber1\buildfiles\windows\x86\dynamicdebug\cc01e1fc921e4b1c93c6aa45247d52f9.dll
c:\users\engfile\ecoprac\eco.security-main\eco.asnone.ber1\assemblyfiles\windows\visualstudio_22\eco.asnone1example\dynamicdebug\cc01e1fc921e4b1c93c6aa45247d52f9.pdb
c:\users\engfile\ecoprac\eco.security-main\eco.asnone.ber1\assemblyfiles\windows\visualstudio_22\eco.asnone1example\dynamicdebug\cc01e1fc921e4b1c93c6aa45247d52f9.lib
c:\users\engfile\ecoprac\eco.security-main\eco.asnone.ber1\assemblyfiles\windows\visualstudio_22\eco.asnone1example\dynamicdebug\cc01e1fc921e4b1c93c6aa45247d52f9.exp
c:\users\engfile\ecoprac\eco.security-main\eco.asnone.ber1\assemblyfiles\windows\visualstudio_22\eco.asnone1example\dynamicdebug\cc01e1fc921e4b1c93c6aa45247d52f9.ilk
c:\users\engfile\ecoprac\eco.security-main\eco.asnone.ber1\assemblyfiles\windows\visualstudio_22\eco.asnone1example\dynamicdebug\eco.asno.c2c48a90.tlog\cl.command.1.tlog
c:\users\engfile\ecoprac\eco.security-main\eco.asnone.ber1\assemblyfiles\windows\visualstudio_22\eco.asnone1example\dynamicdebug\eco.asno.c2c48a90.tlog\cl.items.tlog
c:\users\engfile\ecoprac\eco.security-main\eco.asnone.ber1\assemblyfiles\windows\visualstudio_22\eco.asnone1example\dynamicdebug\eco.asno.c2c48a90.tlog\cl.read.1.tlog
c:\users\engfile\ecoprac\eco.security-main\eco.asnone.ber1\assemblyfiles\windows\visualstudio_22\eco.asnone1example\dynamicdebug\eco.asno.c2c48a90.tlog\cl.write.1.tlog
c:\users\engfile\ecoprac\eco.security-main\eco.asnone.ber1\assemblyfiles\windows\visualstudio_22\eco.asnone1example\dynamicdebug\eco.asno.c2c48a90.tlog\link.command.1.tlog
c:\users\engfile\ecoprac\eco.security-main\eco.asnone.ber1\assemblyfiles\windows\visualstudio_22\eco.asnone1example\dynamicdebug\eco.asno.c2c48a90.tlog\link.read.1.tlog
c:\users\engfile\ecoprac\eco.security-main\eco.asnone.ber1\assemblyfiles\windows\visualstudio_22\eco.asnone1example\dynamicdebug\eco.asno.c2c48a90.tlog\link.secondary.1.tlog
c:\users\engfile\ecoprac\eco.security-main\eco.asnone.ber1\assemblyfiles\windows\visualstudio_22\eco.asnone1example\dynamicdebug\eco.asno.c2c48a90.tlog\link.write.1.tlog
